98 INFO: PyInstaller: 6.18.0, contrib hooks: 2026.6
98 INFO: Python: 3.11.9
107 INFO: Platform: Windows-10-10.0.26200-SP0
107 INFO: Python environment: D:\Development\Python\Arcpy\build\packaging-venv
110 INFO: Removing temporary files and cleaning cache in C:\Users\user\AppData\Local\pyinstaller
112 INFO: Module search paths (PYTHONPATH):
['D:\\Development\\Python\\Arcpy\\packaging',
 'C:\\Users\\user\\AppData\\Local\\Programs\\Python\\Python311\\python311.zip',
 'C:\\Users\\user\\AppData\\Local\\Programs\\Python\\Python311\\DLLs',
 'C:\\Users\\user\\AppData\\Local\\Programs\\Python\\Python311\\Lib',
 'C:\\Users\\user\\AppData\\Local\\Programs\\Python\\Python311',
 'D:\\Development\\Python\\Arcpy\\build\\packaging-venv',
 'D:\\Development\\Python\\Arcpy\\build\\packaging-venv\\Lib\\site-packages',
 'D:\\Development\\Python\\Arcpy\\build\\packaging-venv\\Lib\\site-packages\\win32',
 'D:\\Development\\Python\\Arcpy\\build\\packaging-venv\\Lib\\site-packages\\win32\\lib',
 'D:\\Development\\Python\\Arcpy\\build\\packaging-venv\\Lib\\site-packages\\Pythonwin',
 'D:\\Development\\Python\\Arcpy']
306 INFO: Appending 'datas' from .spec
306 INFO: checking Analysis
306 INFO: Building Analysis because Analysis-00.toc is non existent
306 INFO: Looking for Python shared library...
306 INFO: Using Python shared library: C:\Users\user\AppData\Local\Programs\Python\Python311\python311.dll
306 INFO: Running Analysis Analysis-00.toc
306 INFO: Target bytecode optimization level: 0
306 INFO: Initializing module dependency graph...
307 INFO: Initializing module graph hook caches...
316 INFO: Analyzing modules for base_library.zip ...
928 INFO: Processing standard module hook 'hook-heapq.py' from 'D:\\Development\\Python\\Arcpy\\build\\packaging-venv\\Lib\\site-packages\\PyInstaller\\hooks'
1034 INFO: Processing standard module hook 'hook-encodings.py' from 'D:\\Development\\Python\\Arcpy\\build\\packaging-venv\\Lib\\site-packages\\PyInstaller\\hooks'
2434 INFO: Processing standard module hook 'hook-pickle.py' from 'D:\\Development\\Python\\Arcpy\\build\\packaging-venv\\Lib\\site-packages\\PyInstaller\\hooks'
5176 INFO: Caching module dependency graph...
5197 INFO: Analyzing D:\Development\Python\Arcpy\run_gateway.py
5543 INFO: Processing standard module hook 'hook-platform.py' from 'D:\\Development\\Python\\Arcpy\\build\\packaging-venv\\Lib\\site-packages\\PyInstaller\\hooks'
5567 INFO: Processing standard module hook 'hook-pydantic.py' from 'D:\\Development\\Python\\Arcpy\\build\\packaging-venv\\Lib\\site-packages\\_pyinstaller_hooks_contrib\\stdhooks'
5775 INFO: Processing pre-safe-import-module hook 'hook-typing_extensions.py' from 'D:\\Development\\Python\\Arcpy\\build\\packaging-venv\\Lib\\site-packages\\PyInstaller\\hooks\\pre_safe_import_module'
5776 INFO: SetuptoolsInfo: initializing cached setuptools info...
6312 INFO: Processing standard module hook 'hook-multiprocessing.util.py' from 'D:\\Development\\Python\\Arcpy\\build\\packaging-venv\\Lib\\site-packages\\PyInstaller\\hooks'
6413 INFO: Processing standard module hook 'hook-xml.py' from 'D:\\Development\\Python\\Arcpy\\build\\packaging-venv\\Lib\\site-packages\\PyInstaller\\hooks'
6769 INFO: Processing standard module hook 'hook-_ctypes.py' from 'D:\\Development\\Python\\Arcpy\\build\\packaging-venv\\Lib\\site-packages\\PyInstaller\\hooks'
7479 INFO: Processing standard module hook 'hook-zoneinfo.py' from 'D:\\Development\\Python\\Arcpy\\build\\packaging-venv\\Lib\\site-packages\\_pyinstaller_hooks_contrib\\stdhooks'
7513 INFO: Processing standard module hook 'hook-sysconfig.py' from 'D:\\Development\\Python\\Arcpy\\build\\packaging-venv\\Lib\\site-packages\\PyInstaller\\hooks'
7996 INFO: Processing standard module hook 'hook-sqlite3.py' from 'D:\\Development\\Python\\Arcpy\\build\\packaging-venv\\Lib\\site-packages\\PyInstaller\\hooks'
8562 INFO: Processing pre-safe-import-module hook 'hook-packaging.py' from 'D:\\Development\\Python\\Arcpy\\build\\packaging-venv\\Lib\\site-packages\\PyInstaller\\hooks\\pre_safe_import_module'
8589 INFO: Processing standard module hook 'hook-urllib3.py' from 'D:\\Development\\Python\\Arcpy\\build\\packaging-venv\\Lib\\site-packages\\_pyinstaller_hooks_contrib\\stdhooks'
8631 INFO: Processing pre-safe-import-module hook 'hook-backports.py' from 'D:\\Development\\Python\\Arcpy\\build\\packaging-venv\\Lib\\site-packages\\PyInstaller\\hooks\\pre_safe_import_module'
8831 INFO: Processing standard module hook 'hook-certifi.py' from 'D:\\Development\\Python\\Arcpy\\build\\packaging-venv\\Lib\\site-packages\\_pyinstaller_hooks_contrib\\stdhooks'
8860 INFO: Processing standard module hook 'hook-charset_normalizer.py' from 'D:\\Development\\Python\\Arcpy\\build\\packaging-venv\\Lib\\site-packages\\_pyinstaller_hooks_contrib\\stdhooks'
9660 INFO: Processing standard module hook 'hook-anyio.py' from 'D:\\Development\\Python\\Arcpy\\build\\packaging-venv\\Lib\\site-packages\\_pyinstaller_hooks_contrib\\stdhooks'
10611 INFO: Processing standard module hook 'hook-orjson.py' from 'D:\\Development\\Python\\Arcpy\\build\\packaging-venv\\Lib\\site-packages\\_pyinstaller_hooks_contrib\\stdhooks'
11299 INFO: Processing standard module hook 'hook-xml.etree.cElementTree.py' from 'D:\\Development\\Python\\Arcpy\\build\\packaging-venv\\Lib\\site-packages\\PyInstaller\\hooks'
11497 INFO: Processing standard module hook 'hook-ormsgpack.py' from 'D:\\Development\\Python\\Arcpy\\build\\packaging-venv\\Lib\\site-packages\\ormsgpack\\_pyinstaller'
11830 INFO: Analyzing hidden import 'pydantic.deprecated.decorator'
11846 INFO: Analyzing hidden import 'aiosqlite'
11857 INFO: Processing module hooks (post-graph stage)...
12052 INFO: Processing pre-safe-import-module hook 'hook-tomli.py' from 'D:\\Development\\Python\\Arcpy\\build\\packaging-venv\\Lib\\site-packages\\PyInstaller\\hooks\\pre_safe_import_module'
12090 WARNING: Hidden import "tzdata" not found!
12105 INFO: Performing binary vs. data reclassification (26 entries)
12107 INFO: Looking for ctypes DLLs
12149 INFO: Analyzing run-time hooks ...
12152 INFO: Including run-time hook 'pyi_rth_inspect.py' from 'D:\\Development\\Python\\Arcpy\\build\\packaging-venv\\Lib\\site-packages\\PyInstaller\\hooks\\rthooks'
12153 INFO: Including run-time hook 'pyi_rth_pkgutil.py' from 'D:\\Development\\Python\\Arcpy\\build\\packaging-venv\\Lib\\site-packages\\PyInstaller\\hooks\\rthooks'
12154 INFO: Including run-time hook 'pyi_rth_multiprocessing.py' from 'D:\\Development\\Python\\Arcpy\\build\\packaging-venv\\Lib\\site-packages\\PyInstaller\\hooks\\rthooks'
12163 INFO: Creating base_library.zip...
12173 INFO: Looking for dynamic libraries
12736 INFO: Extra DLL search directories (AddDllDirectory): []
12736 INFO: Extra DLL search directories (PATH): []
13018 INFO: Warnings written to D:\Development\Python\Arcpy\build\pyinstaller_gateway\warn-pyinstaller_gateway.txt
13084 INFO: Graph cross-reference written to D:\Development\Python\Arcpy\build\pyinstaller_gateway\xref-pyinstaller_gateway.html
13114 INFO: checking PYZ
13114 INFO: Building PYZ because PYZ-00.toc is non existent
13114 INFO: Building PYZ (ZlibArchive) D:\Development\Python\Arcpy\build\pyinstaller_gateway\PYZ-00.pyz
13606 INFO: Building PYZ (ZlibArchive) D:\Development\Python\Arcpy\build\pyinstaller_gateway\PYZ-00.pyz completed successfully.
13627 INFO: checking PKG
13627 INFO: Building PKG because PKG-00.toc is non existent
13627 INFO: Building PKG (CArchive) ArcMapAIAssistantGateway.pkg
13639 INFO: Building PKG (CArchive) ArcMapAIAssistantGateway.pkg completed successfully.
13639 INFO: Bootloader D:\Development\Python\Arcpy\build\packaging-venv\Lib\site-packages\PyInstaller\bootloader\Windows-64bit-intel\runw.exe
13640 INFO: checking EXE
13640 INFO: Building EXE because EXE-00.toc is non existent
13640 INFO: Building EXE from EXE-00.toc
13640 INFO: Copying bootloader EXE to D:\Development\Python\Arcpy\build\pyinstaller_gateway\ArcMapAIAssistantGateway.exe
13651 INFO: Copying icon to EXE
13654 INFO: Copying 0 resources to EXE
13654 INFO: Embedding manifest in EXE
13656 INFO: Appending PKG archive to EXE
13659 INFO: Fixing EXE headers
13722 INFO: Building EXE from EXE-00.toc completed successfully.
13724 INFO: checking COLLECT
13724 INFO: Building COLLECT because COLLECT-00.toc is non existent
13724 INFO: Removing dir D:\Development\Python\Arcpy\dist\ArcMapAIAssistantGateway
13743 INFO: Building COLLECT COLLECT-00.toc
13825 INFO: Building COLLECT COLLECT-00.toc completed successfully.
13826 INFO: Build complete! The results are available in: D:\Development\Python\Arcpy\dist
D:\Development\Python\Arcpy\ArcMapBridgeExternal\bin\Release\ArcMapBridge.exe
D:\Development\Python\Arcpy\ArcMapBridgeExternal\bin\Release\ArcMapBridge.build
Inno Setup 6 Command-Line Compiler
Copyright (C) 1997-2026 Jordan Russell. All rights reserved.
Portions Copyright (C) 2000-2026 Martijn Laan. All rights reserved.
Portions Copyright (C) 2001-2004 Alex Yackimoff. All rights reserved.
https://www.innosetup.com

Compiler engine version: Inno Setup 6.7.2
Non-commercial use only

Preprocessing
   Reading file: C:\Users\user\AppData\Local\Programs\Inno Setup 6\ISPPBuiltins.iss
Parsing [Setup] section, line 14
Parsing [Setup] section, line 15
Parsing [Setup] section, line 16
Parsing [Setup] section, line 17
Parsing [Setup] section, line 18
Parsing [Setup] section, line 19
Parsing [Setup] section, line 20
Parsing [Setup] section, line 21
Parsing [Setup] section, line 22
Parsing [Setup] section, line 23
Parsing [Setup] section, line 24
Parsing [Setup] section, line 25
Parsing [Setup] section, line 26
Parsing [Setup] section, line 27
Parsing [Setup] section, line 28
Reading file (WizardImageFile)
Reading file (WizardSmallImageFile)
Preparing Setup program executable
   Verification successful
   Updating icons (Setup.e32)
   Updating version info (Setup.e32)
Determining language code pages
   Reading file: C:\Users\user\AppData\Local\Programs\Inno Setup 6\Default.isl
   Messages in script file
Reading default messages from Default.isl
Parsing [LangOptions], [Messages], and [CustomMessages] sections
   Reading file: C:\Users\user\AppData\Local\Programs\Inno Setup 6\Default.isl
   Messages in script file
Reading [Code] section
Parsing [Icons] section, line 35
Parsing [UninstallRun] section, line 38
Parsing [Files] section, line 31
   Reading version info: D:\Development\Python\Arcpy\build\release_staging\ArcMapAIAssistant\release_manifest.json
   Reading version info: D:\Development\Python\Arcpy\build\release_staging\ArcMapAIAssistant\app\OpenAssistantWeb.cmd
   Reading version info: D:\Development\Python\Arcpy\build\release_staging\ArcMapAIAssistant\app\StartGateway.cmd
   Reading version info: D:\Development\Python\Arcpy\build\release_staging\ArcMapAIAssistant\app\uninstall.ico
   Reading version info: D:\Development\Python\Arcpy\build\release_staging\ArcMapAIAssistant\app\VERSION
   Reading version info: D:\Development\Python\Arcpy\build\release_staging\ArcMapAIAssistant\app\arcmap_runtime_py2\acceptance_probe.py
   Reading version info: D:\Development\Python\Arcpy\build\release_staging\ArcMapAIAssistant\app\arcmap_runtime_py2\arcmap_desktop_selection.py
   Reading version info: D:\Development\Python\Arcpy\build\release_staging\ArcMapAIAssistant\app\arcmap_runtime_py2\arcmap_ui_dispatch.py
   Reading version info: D:\Development\Python\Arcpy\build\release_staging\ArcMapAIAssistant\app\arcmap_runtime_py2\artifact_observation.py
   Reading version info: D:\Development\Python\Arcpy\build\release_staging\ArcMapAIAssistant\app\arcmap_runtime_py2\bridge_process.py
   Reading version info: D:\Development\Python\Arcpy\build\release_staging\ArcMapAIAssistant\app\arcmap_runtime_py2\context_reader.py
   Reading version info: D:\Development\Python\Arcpy\build\release_staging\ArcMapAIAssistant\app\arcmap_runtime_py2\deployment_identity.json
   Reading version info: D:\Development\Python\Arcpy\build\release_staging\ArcMapAIAssistant\app\arcmap_runtime_py2\deployment_identity.py
   Reading version info: D:\Development\Python\Arcpy\build\release_staging\ArcMapAIAssistant\app\arcmap_runtime_py2\exception_text.py
   Reading version info: D:\Development\Python\Arcpy\build\release_staging\ArcMapAIAssistant\app\arcmap_runtime_py2\execution_outbox.py
   Reading version info: D:\Development\Python\Arcpy\build\release_staging\ArcMapAIAssistant\app\arcmap_runtime_py2\execution_session.py
   Reading version info: D:\Development\Python\Arcpy\build\release_staging\ArcMapAIAssistant\app\arcmap_runtime_py2\gateway_client.py
   Reading version info: D:\Development\Python\Arcpy\build\release_staging\ArcMapAIAssistant\app\arcmap_runtime_py2\map_state_observation.py
   Reading version info: D:\Development\Python\Arcpy\build\release_staging\ArcMapAIAssistant\app\arcmap_runtime_py2\path_utils.py
   Reading version info: D:\Development\Python\Arcpy\build\release_staging\ArcMapAIAssistant\app\arcmap_runtime_py2\release.py
   Reading version info: D:\Development\Python\Arcpy\build\release_staging\ArcMapAIAssistant\app\arcmap_runtime_py2\runtime.py
   Reading version info: D:\Development\Python\Arcpy\build\release_staging\ArcMapAIAssistant\app\arcmap_runtime_py2\runtime_gate.py
   Reading version info: D:\Development\Python\Arcpy\build\release_staging\ArcMapAIAssistant\app\arcmap_runtime_py2\semantic_acceptance.py
   Reading version info: D:\Development\Python\Arcpy\build\release_staging\ArcMapAIAssistant\app\arcmap_runtime_py2\workflow_executor.py
   Reading version info: D:\Development\Python\Arcpy\build\release_staging\ArcMapAIAssistant\app\arcmap_runtime_py2\__init__.py
   Reading version info: D:\Development\Python\Arcpy\build\release_staging\ArcMapAIAssistant\app\arcmap_runtime_py2\operations\analysis_ops.py
   Reading version info: D:\Development\Python\Arcpy\build\release_staging\ArcMapAIAssistant\app\arcmap_runtime_py2\operations\artifact_ops.py
   Reading version info: D:\Development\Python\Arcpy\build\release_staging\ArcMapAIAssistant\app\arcmap_runtime_py2\operations\common.py
   Reading version info: D:\Development\Python\Arcpy\build\release_staging\ArcMapAIAssistant\app\arcmap_runtime_py2\operations\condition_utils.py
   Reading version info: D:\Development\Python\Arcpy\build\release_staging\ArcMapAIAssistant\app\arcmap_runtime_py2\operations\data_management_ops.py
   Reading version info: D:\Development\Python\Arcpy\build\release_staging\ArcMapAIAssistant\app\arcmap_runtime_py2\operations\edit_geometry_ops.py
   Reading version info: D:\Development\Python\Arcpy\build\release_staging\ArcMapAIAssistant\app\arcmap_runtime_py2\operations\layer_ops.py
   Reading version info: D:\Development\Python\Arcpy\build\release_staging\ArcMapAIAssistant\app\arcmap_runtime_py2\operations\layout_ops.py
   Reading version info: D:\Development\Python\Arcpy\build\release_staging\ArcMapAIAssistant\app\arcmap_runtime_py2\operations\map_ops.py
   Reading version info: D:\Development\Python\Arcpy\build\release_staging\ArcMapAIAssistant\app\arcmap_runtime_py2\operations\selection_ops.py
   Reading version info: D:\Development\Python\Arcpy\build\release_staging\ArcMapAIAssistant\app\arcmap_runtime_py2\operations\table_ops.py
   Reading version info: D:\Development\Python\Arcpy\build\release_staging\ArcMapAIAssistant\app\arcmap_runtime_py2\operations\__init__.py
   Reading version info: D:\Development\Python\Arcpy\build\release_staging\ArcMapAIAssistant\app\bridge\ArcMapBridge.build
   Reading version info: D:\Development\Python\Arcpy\build\release_staging\ArcMapAIAssistant\app\bridge\ArcMapBridge.exe
   Reading version info: D:\Development\Python\Arcpy\build\release_staging\ArcMapAIAssistant\app\bridge\deployment_identity.json
   Reading version info: D:\Development\Python\Arcpy\build\release_staging\ArcMapAIAssistant\app\bridge\Newtonsoft.Json.dll
   Reading version info: D:\Development\Python\Arcpy\build\release_staging\ArcMapAIAssistant\app\bridge\runtime_gate.schema.json
   Reading version info: D:\Development\Python\Arcpy\build\release_staging\ArcMapAIAssistant\app\gateway\ArcMapAIAssistantGateway.exe
   Reading version info: D:\Development\Python\Arcpy\build\release_staging\ArcMapAIAssistant\app\gateway\deployment_identity.json
   Reading version info: D:\Development\Python\Arcpy\build\release_staging\ArcMapAIAssistant\app\gateway\_internal\api-ms-win-core-console-l1-1-0.dll
   Reading version info: D:\Development\Python\Arcpy\build\release_staging\ArcMapAIAssistant\app\gateway\_internal\api-ms-win-core-datetime-l1-1-0.dll
   Reading version info: D:\Development\Python\Arcpy\build\release_staging\ArcMapAIAssistant\app\gateway\_internal\api-ms-win-core-debug-l1-1-0.dll
   Reading version info: D:\Development\Python\Arcpy\build\release_staging\ArcMapAIAssistant\app\gateway\_internal\api-ms-win-core-errorhandling-l1-1-0.dll
   Reading version info: D:\Development\Python\Arcpy\build\release_staging\ArcMapAIAssistant\app\gateway\_internal\api-ms-win-core-fibers-l1-1-0.dll
   Reading version info: D:\Development\Python\Arcpy\build\release_staging\ArcMapAIAssistant\app\gateway\_internal\api-ms-win-core-fibers-l1-1-1.dll
   Reading version info: D:\Development\Python\Arcpy\build\release_staging\ArcMapAIAssistant\app\gateway\_internal\api-ms-win-core-file-l1-1-0.dll
   Reading version info: D:\Development\Python\Arcpy\build\release_staging\ArcMapAIAssistant\app\gateway\_internal\api-ms-win-core-file-l1-2-0.dll
   Reading version info: D:\Development\Python\Arcpy\build\release_staging\ArcMapAIAssistant\app\gateway\_internal\api-ms-win-core-file-l2-1-0.dll
   Reading version info: D:\Development\Python\Arcpy\build\release_staging\ArcMapAIAssistant\app\gateway\_internal\api-ms-win-core-handle-l1-1-0.dll
   Reading version info: D:\Development\Python\Arcpy\build\release_staging\ArcMapAIAssistant\app\gateway\_internal\api-ms-win-core-heap-l1-1-0.dll
   Reading version info: D:\Development\Python\Arcpy\build\release_staging\ArcMapAIAssistant\app\gateway\_internal\api-ms-win-core-interlocked-l1-1-0.dll
   Reading version info: D:\Development\Python\Arcpy\build\release_staging\ArcMapAIAssistant\app\gateway\_internal\api-ms-win-core-kernel32-legacy-l1-1-1.dll
   Reading version info: D:\Development\Python\Arcpy\build\release_staging\ArcMapAIAssistant\app\gateway\_internal\api-ms-win-core-libraryloader-l1-1-0.dll
   Reading version info: D:\Development\Python\Arcpy\build\release_staging\ArcMapAIAssistant\app\gateway\_internal\api-ms-win-core-localization-l1-2-0.dll
   Reading version info: D:\Development\Python\Arcpy\build\release_staging\ArcMapAIAssistant\app\gateway\_internal\api-ms-win-core-memory-l1-1-0.dll
   Reading version info: D:\Development\Python\Arcpy\build\release_staging\ArcMapAIAssistant\app\gateway\_internal\api-ms-win-core-namedpipe-l1-1-0.dll
   Reading version info: D:\Development\Python\Arcpy\build\release_staging\ArcMapAIAssistant\app\gateway\_internal\api-ms-win-core-processenvironment-l1-1-0.dll
   Reading version info: D:\Development\Python\Arcpy\build\release_staging\ArcMapAIAssistant\app\gateway\_internal\api-ms-win-core-processthreads-l1-1-0.dll
   Reading version info: D:\Development\Python\Arcpy\build\release_staging\ArcMapAIAssistant\app\gateway\_internal\api-ms-win-core-processthreads-l1-1-1.dll
   Reading version info: D:\Development\Python\Arcpy\build\release_staging\ArcMapAIAssistant\app\gateway\_internal\api-ms-win-core-profile-l1-1-0.dll
   Reading version info: D:\Development\Python\Arcpy\build\release_staging\ArcMapAIAssistant\app\gateway\_internal\api-ms-win-core-rtlsupport-l1-1-0.dll
   Reading version info: D:\Development\Python\Arcpy\build\release_staging\ArcMapAIAssistant\app\gateway\_internal\api-ms-win-core-string-l1-1-0.dll
   Reading version info: D:\Development\Python\Arcpy\build\release_staging\ArcMapAIAssistant\app\gateway\_internal\api-ms-win-core-synch-l1-1-0.dll
   Reading version info: D:\Development\Python\Arcpy\build\release_staging\ArcMapAIAssistant\app\gateway\_internal\api-ms-win-core-synch-l1-2-0.dll
   Reading version info: D:\Development\Python\Arcpy\build\release_staging\ArcMapAIAssistant\app\gateway\_internal\api-ms-win-core-sysinfo-l1-1-0.dll
   Reading version info: D:\Development\Python\Arcpy\build\release_staging\ArcMapAIAssistant\app\gateway\_internal\api-ms-win-core-sysinfo-l1-2-0.dll
   Reading version info: D:\Development\Python\Arcpy\build\release_staging\ArcMapAIAssistant\app\gateway\_internal\api-ms-win-core-timezone-l1-1-0.dll
   Reading version info: D:\Development\Python\Arcpy\build\release_staging\ArcMapAIAssistant\app\gateway\_internal\api-ms-win-core-util-l1-1-0.dll
   Reading version info: D:\Development\Python\Arcpy\build\release_staging\ArcMapAIAssistant\app\gateway\_internal\api-ms-win-crt-conio-l1-1-0.dll
   Reading version info: D:\Development\Python\Arcpy\build\release_staging\ArcMapAIAssistant\app\gateway\_internal\api-ms-win-crt-convert-l1-1-0.dll
   Reading version info: D:\Development\Python\Arcpy\build\release_staging\ArcMapAIAssistant\app\gateway\_internal\api-ms-win-crt-environment-l1-1-0.dll
   Reading version info: D:\Development\Python\Arcpy\build\release_staging\ArcMapAIAssistant\app\gateway\_internal\api-ms-win-crt-filesystem-l1-1-0.dll
   Reading version info: D:\Development\Python\Arcpy\build\release_staging\ArcMapAIAssistant\app\gateway\_internal\api-ms-win-crt-heap-l1-1-0.dll
   Reading version info: D:\Development\Python\Arcpy\build\release_staging\ArcMapAIAssistant\app\gateway\_internal\api-ms-win-crt-locale-l1-1-0.dll
   Reading version info: D:\Development\Python\Arcpy\build\release_staging\ArcMapAIAssistant\app\gateway\_internal\api-ms-win-crt-math-l1-1-0.dll
   Reading version info: D:\Development\Python\Arcpy\build\release_staging\ArcMapAIAssistant\app\gateway\_internal\api-ms-win-crt-process-l1-1-0.dll
   Reading version info: D:\Development\Python\Arcpy\build\release_staging\ArcMapAIAssistant\app\gateway\_internal\api-ms-win-crt-runtime-l1-1-0.dll
   Reading version info: D:\Development\Python\Arcpy\build\release_staging\ArcMapAIAssistant\app\gateway\_internal\api-ms-win-crt-stdio-l1-1-0.dll
   Reading version info: D:\Development\Python\Arcpy\build\release_staging\ArcMapAIAssistant\app\gateway\_internal\api-ms-win-crt-string-l1-1-0.dll
   Reading version info: D:\Development\Python\Arcpy\build\release_staging\ArcMapAIAssistant\app\gateway\_internal\api-ms-win-crt-time-l1-1-0.dll
   Reading version info: D:\Development\Python\Arcpy\build\release_staging\ArcMapAIAssistant\app\gateway\_internal\api-ms-win-crt-utility-l1-1-0.dll
   Reading version info: D:\Development\Python\Arcpy\build\release_staging\ArcMapAIAssistant\app\gateway\_internal\base_library.zip
   Reading version info: D:\Development\Python\Arcpy\build\release_staging\ArcMapAIAssistant\app\gateway\_internal\libcrypto-3.dll
   Reading version info: D:\Development\Python\Arcpy\build\release_staging\ArcMapAIAssistant\app\gateway\_internal\libffi-8.dll
   Reading version info: D:\Development\Python\Arcpy\build\release_staging\ArcMapAIAssistant\app\gateway\_internal\libssl-3.dll
   Reading version info: D:\Development\Python\Arcpy\build\release_staging\ArcMapAIAssistant\app\gateway\_internal\pyexpat.pyd
   Reading version info: D:\Development\Python\Arcpy\build\release_staging\ArcMapAIAssistant\app\gateway\_internal\python3.dll
   Reading version info: D:\Development\Python\Arcpy\build\release_staging\ArcMapAIAssistant\app\gateway\_internal\python311.dll
   Reading version info: D:\Development\Python\Arcpy\build\release_staging\ArcMapAIAssistant\app\gateway\_internal\select.pyd
   Reading version info: D:\Development\Python\Arcpy\build\release_staging\ArcMapAIAssistant\app\gateway\_internal\sqlite3.dll
   Reading version info: D:\Development\Python\Arcpy\build\release_staging\ArcMapAIAssistant\app\gateway\_internal\ucrtbase.dll
   Reading version info: D:\Development\Python\Arcpy\build\release_staging\ArcMapAIAssistant\app\gateway\_internal\unicodedata.pyd
   Reading version info: D:\Development\Python\Arcpy\build\release_staging\ArcMapAIAssistant\app\gateway\_internal\VCRUNTIME140.dll
   Reading version info: D:\Development\Python\Arcpy\build\release_staging\ArcMapAIAssistant\app\gateway\_internal\VCRUNTIME140_1.dll
   Reading version info: D:\Development\Python\Arcpy\build\release_staging\ArcMapAIAssistant\app\gateway\_internal\VERSION
   Reading version info: D:\Development\Python\Arcpy\build\release_staging\ArcMapAIAssistant\app\gateway\_internal\_asyncio.pyd
   Reading version info: D:\Development\Python\Arcpy\build\release_staging\ArcMapAIAssistant\app\gateway\_internal\_bz2.pyd
   Reading version info: D:\Development\Python\Arcpy\build\release_staging\ArcMapAIAssistant\app\gateway\_internal\_ctypes.pyd
   Reading version info: D:\Development\Python\Arcpy\build\release_staging\ArcMapAIAssistant\app\gateway\_internal\_decimal.pyd
   Reading version info: D:\Development\Python\Arcpy\build\release_staging\ArcMapAIAssistant\app\gateway\_internal\_elementtree.pyd
   Reading version info: D:\Development\Python\Arcpy\build\release_staging\ArcMapAIAssistant\app\gateway\_internal\_hashlib.pyd
   Reading version info: D:\Development\Python\Arcpy\build\release_staging\ArcMapAIAssistant\app\gateway\_internal\_lzma.pyd
   Reading version info: D:\Development\Python\Arcpy\build\release_staging\ArcMapAIAssistant\app\gateway\_internal\_multiprocessing.pyd
   Reading version info: D:\Development\Python\Arcpy\build\release_staging\ArcMapAIAssistant\app\gateway\_internal\_overlapped.pyd
   Reading version info: D:\Development\Python\Arcpy\build\release_staging\ArcMapAIAssistant\app\gateway\_internal\_queue.pyd
   Reading version info: D:\Development\Python\Arcpy\build\release_staging\ArcMapAIAssistant\app\gateway\_internal\_socket.pyd
   Reading version info: D:\Development\Python\Arcpy\build\release_staging\ArcMapAIAssistant\app\gateway\_internal\_sqlite3.pyd
   Reading version info: D:\Development\Python\Arcpy\build\release_staging\ArcMapAIAssistant\app\gateway\_internal\_ssl.pyd
   Reading version info: D:\Development\Python\Arcpy\build\release_staging\ArcMapAIAssistant\app\gateway\_internal\_uuid.pyd
   Reading version info: D:\Development\Python\Arcpy\build\release_staging\ArcMapAIAssistant\app\gateway\_internal\_zoneinfo.pyd
   Reading version info: D:\Development\Python\Arcpy\build\release_staging\ArcMapAIAssistant\app\gateway\_internal\certifi\cacert.pem
   Reading version info: D:\Development\Python\Arcpy\build\release_staging\ArcMapAIAssistant\app\gateway\_internal\certifi\py.typed
   Reading version info: D:\Development\Python\Arcpy\build\release_staging\ArcMapAIAssistant\app\gateway\_internal\charset_normalizer\cd.cp311-win_amd64.pyd
   Reading version info: D:\Development\Python\Arcpy\build\release_staging\ArcMapAIAssistant\app\gateway\_internal\charset_normalizer\md.cp311-win_amd64.pyd
   Reading version info: D:\Development\Python\Arcpy\build\release_staging\ArcMapAIAssistant\app\gateway\_internal\gateway_py3\web\app.js
   Reading version info: D:\Development\Python\Arcpy\build\release_staging\ArcMapAIAssistant\app\gateway\_internal\gateway_py3\web\app_events.js
   Reading version info: D:\Development\Python\Arcpy\build\release_staging\ArcMapAIAssistant\app\gateway\_internal\gateway_py3\web\app_render.js
   Reading version info: D:\Development\Python\Arcpy\build\release_staging\ArcMapAIAssistant\app\gateway\_internal\gateway_py3\web\app_voice.js
   Reading version info: D:\Development\Python\Arcpy\build\release_staging\ArcMapAIAssistant\app\gateway\_internal\gateway_py3\web\components.css
   Reading version info: D:\Development\Python\Arcpy\build\release_staging\ArcMapAIAssistant\app\gateway\_internal\gateway_py3\web\favicon.svg
   Reading version info: D:\Development\Python\Arcpy\build\release_staging\ArcMapAIAssistant\app\gateway\_internal\gateway_py3\web\index.html
   Reading version info: D:\Development\Python\Arcpy\build\release_staging\ArcMapAIAssistant\app\gateway\_internal\gateway_py3\web\styles.css
   Reading version info: D:\Development\Python\Arcpy\build\release_staging\ArcMapAIAssistant\app\gateway\_internal\gateway_py3\web\tokens.css
   Reading version info: D:\Development\Python\Arcpy\build\release_staging\ArcMapAIAssistant\app\gateway\_internal\operation_catalog\catalog.json
   Reading version info: D:\Development\Python\Arcpy\build\release_staging\ArcMapAIAssistant\app\gateway\_internal\operation_catalog\packs\analysis.json
   Reading version info: D:\Development\Python\Arcpy\build\release_staging\ArcMapAIAssistant\app\gateway\_internal\operation_catalog\packs\artifact.json
   Reading version info: D:\Development\Python\Arcpy\build\release_staging\ArcMapAIAssistant\app\gateway\_internal\operation_catalog\packs\data_management.json
   Reading version info: D:\Development\Python\Arcpy\build\release_staging\ArcMapAIAssistant\app\gateway\_internal\operation_catalog\packs\edit_geometry.json
   Reading version info: D:\Development\Python\Arcpy\build\release_staging\ArcMapAIAssistant\app\gateway\_internal\operation_catalog\packs\layout.json
   Reading version info: D:\Development\Python\Arcpy\build\release_staging\ArcMapAIAssistant\app\gateway\_internal\operation_catalog\packs\map_context.json
   Reading version info: D:\Development\Python\Arcpy\build\release_staging\ArcMapAIAssistant\app\gateway\_internal\operation_catalog\packs\selection.json
   Reading version info: D:\Development\Python\Arcpy\build\release_staging\ArcMapAIAssistant\app\gateway\_internal\operation_catalog\packs\table.json
   Reading version info: D:\Development\Python\Arcpy\build\release_staging\ArcMapAIAssistant\app\gateway\_internal\operation_catalog\packs\view_layer.json
   Reading version info: D:\Development\Python\Arcpy\build\release_staging\ArcMapAIAssistant\app\gateway\_internal\operation_catalog\schemas\operation_spec.schema.json
   Reading version info: D:\Development\Python\Arcpy\build\release_staging\ArcMapAIAssistant\app\gateway\_internal\operation_catalog\schemas\workflow.schema.json
   Reading version info: D:\Development\Python\Arcpy\build\release_staging\ArcMapAIAssistant\app\gateway\_internal\orjson\orjson.cp311-win_amd64.pyd
   Reading version info: D:\Development\Python\Arcpy\build\release_staging\ArcMapAIAssistant\app\gateway\_internal\ormsgpack\ormsgpack.cp311-win_amd64.pyd
   Reading version info: D:\Development\Python\Arcpy\build\release_staging\ArcMapAIAssistant\app\gateway\_internal\pydantic-2.12.5.dist-info\INSTALLER
   Reading version info: D:\Development\Python\Arcpy\build\release_staging\ArcMapAIAssistant\app\gateway\_internal\pydantic-2.12.5.dist-info\METADATA
   Reading version info: D:\Development\Python\Arcpy\build\release_staging\ArcMapAIAssistant\app\gateway\_internal\pydantic-2.12.5.dist-info\RECORD
   Reading version info: D:\Development\Python\Arcpy\build\release_staging\ArcMapAIAssistant\app\gateway\_internal\pydantic-2.12.5.dist-info\REQUESTED
   Reading version info: D:\Development\Python\Arcpy\build\release_staging\ArcMapAIAssistant\app\gateway\_internal\pydantic-2.12.5.dist-info\WHEEL
   Reading version info: D:\Development\Python\Arcpy\build\release_staging\ArcMapAIAssistant\app\gateway\_internal\pydantic-2.12.5.dist-info\licenses\LICENSE
   Reading version info: D:\Development\Python\Arcpy\build\release_staging\ArcMapAIAssistant\app\gateway\_internal\pydantic_core\_pydantic_core.cp311-win_amd64.pyd
   Reading version info: D:\Development\Python\Arcpy\build\release_staging\ArcMapAIAssistant\app\gateway\_internal\pywin32_system32\pywintypes311.dll
   Reading version info: D:\Development\Python\Arcpy\build\release_staging\ArcMapAIAssistant\app\gateway\_internal\shared_runtime\runtime_gate.schema.json
   Reading version info: D:\Development\Python\Arcpy\build\release_staging\ArcMapAIAssistant\app\gateway\_internal\urllib3-2.7.0.dist-info\INSTALLER
   Reading version info: D:\Development\Python\Arcpy\build\release_staging\ArcMapAIAssistant\app\gateway\_internal\urllib3-2.7.0.dist-info\METADATA
   Reading version info: D:\Development\Python\Arcpy\build\release_staging\ArcMapAIAssistant\app\gateway\_internal\urllib3-2.7.0.dist-info\RECORD
   Reading version info: D:\Development\Python\Arcpy\build\release_staging\ArcMapAIAssistant\app\gateway\_internal\urllib3-2.7.0.dist-info\WHEEL
   Reading version info: D:\Development\Python\Arcpy\build\release_staging\ArcMapAIAssistant\app\gateway\_internal\urllib3-2.7.0.dist-info\licenses\LICENSE.txt
   Reading version info: D:\Development\Python\Arcpy\build\release_staging\ArcMapAIAssistant\app\gateway\_internal\uuid_utils\_uuid_utils.cp311-win_amd64.pyd
   Reading version info: D:\Development\Python\Arcpy\build\release_staging\ArcMapAIAssistant\app\gateway\_internal\win32\win32crypt.pyd
   Reading version info: D:\Development\Python\Arcpy\build\release_staging\ArcMapAIAssistant\app\gateway\_internal\xxhash\_xxhash.cp311-win_amd64.pyd
   Reading version info: D:\Development\Python\Arcpy\build\release_staging\ArcMapAIAssistant\app\gateway\_internal\yaml\_yaml.cp311-win_amd64.pyd
   Reading version info: D:\Development\Python\Arcpy\build\release_staging\ArcMapAIAssistant\app\gateway\_internal\zstandard\backend_c.cp311-win_amd64.pyd
   Reading version info: D:\Development\Python\Arcpy\build\release_staging\ArcMapAIAssistant\app\gateway\_internal\zstandard\_cffi.cp311-win_amd64.pyd
   Reading version info: D:\Development\Python\Arcpy\build\release_staging\ArcMapAIAssistant\app\operation_catalog\catalog.json
   Reading version info: D:\Development\Python\Arcpy\build\release_staging\ArcMapAIAssistant\app\operation_catalog\packs\analysis.json
   Reading version info: D:\Development\Python\Arcpy\build\release_staging\ArcMapAIAssistant\app\operation_catalog\packs\artifact.json
   Reading version info: D:\Development\Python\Arcpy\build\release_staging\ArcMapAIAssistant\app\operation_catalog\packs\data_management.json
   Reading version info: D:\Development\Python\Arcpy\build\release_staging\ArcMapAIAssistant\app\operation_catalog\packs\edit_geometry.json
   Reading version info: D:\Development\Python\Arcpy\build\release_staging\ArcMapAIAssistant\app\operation_catalog\packs\layout.json
   Reading version info: D:\Development\Python\Arcpy\build\release_staging\ArcMapAIAssistant\app\operation_catalog\packs\map_context.json
   Reading version info: D:\Development\Python\Arcpy\build\release_staging\ArcMapAIAssistant\app\operation_catalog\packs\selection.json
   Reading version info: D:\Development\Python\Arcpy\build\release_staging\ArcMapAIAssistant\app\operation_catalog\packs\table.json
   Reading version info: D:\Development\Python\Arcpy\build\release_staging\ArcMapAIAssistant\app\operation_catalog\packs\view_layer.json
   Reading version info: D:\Development\Python\Arcpy\build\release_staging\ArcMapAIAssistant\app\operation_catalog\schemas\operation_spec.schema.json
   Reading version info: D:\Development\Python\Arcpy\build\release_staging\ArcMapAIAssistant\app\operation_catalog\schemas\workflow.schema.json
   Reading version info: D:\Development\Python\Arcpy\build\release_staging\ArcMapAIAssistant\app\shared_runtime\acceptance_profile.py
   Reading version info: D:\Development\Python\Arcpy\build\release_staging\ArcMapAIAssistant\app\shared_runtime\capability_contract.py
   Reading version info: D:\Development\Python\Arcpy\build\release_staging\ArcMapAIAssistant\app\shared_runtime\condition_contract.py
   Reading version info: D:\Development\Python\Arcpy\build\release_staging\ArcMapAIAssistant\app\shared_runtime\context_fingerprint.py
   Reading version info: D:\Development\Python\Arcpy\build\release_staging\ArcMapAIAssistant\app\shared_runtime\file_semantics.py
   Reading version info: D:\Development\Python\Arcpy\build\release_staging\ArcMapAIAssistant\app\shared_runtime\operation_schema.py
   Reading version info: D:\Development\Python\Arcpy\build\release_staging\ArcMapAIAssistant\app\shared_runtime\output_contract.py
   Reading version info: D:\Development\Python\Arcpy\build\release_staging\ArcMapAIAssistant\app\shared_runtime\platform_paths.py
   Reading version info: D:\Development\Python\Arcpy\build\release_staging\ArcMapAIAssistant\app\shared_runtime\runtime_gate.schema.json
   Reading version info: D:\Development\Python\Arcpy\build\release_staging\ArcMapAIAssistant\app\shared_runtime\runtime_gate_protocol.py
   Reading version info: D:\Development\Python\Arcpy\build\release_staging\ArcMapAIAssistant\app\shared_runtime\semantic_abi.py
   Reading version info: D:\Development\Python\Arcpy\build\release_staging\ArcMapAIAssistant\app\shared_runtime\__init__.py
   Reading version info: D:\Development\Python\Arcpy\build\release_staging\ArcMapAIAssistant\ArcMapAIAssistantAddIn\ArcMapAIAssistantAddIn.esriaddin
   Reading version info: D:\Development\Python\Arcpy\build\release_staging\ArcMapAIAssistant\packaging\install.ps1
   Reading version info: D:\Development\Python\Arcpy\build\release_staging\ArcMapAIAssistant\packaging\uninstall.ps1
Parsing [Files] section, line 32
Compiling [Code] section
Creating setup files
   Verification successful
   Updating icons (Setup.exe)
   Compressing: D:\Development\Python\Arcpy\build\release_staging\ArcMapAIAssistant\release_manifest.json
   Compressing: D:\Development\Python\Arcpy\build\release_staging\ArcMapAIAssistant\app\OpenAssistantWeb.cmd
   Compressing: D:\Development\Python\Arcpy\build\release_staging\ArcMapAIAssistant\app\StartGateway.cmd
   Compressing: D:\Development\Python\Arcpy\build\release_staging\ArcMapAIAssistant\app\uninstall.ico
   Compressing: D:\Development\Python\Arcpy\build\release_staging\ArcMapAIAssistant\app\VERSION
   Compressing: D:\Development\Python\Arcpy\build\release_staging\ArcMapAIAssistant\app\arcmap_runtime_py2\acceptance_probe.py
   Compressing: D:\Development\Python\Arcpy\build\release_staging\ArcMapAIAssistant\app\arcmap_runtime_py2\arcmap_desktop_selection.py
   Compressing: D:\Development\Python\Arcpy\build\release_staging\ArcMapAIAssistant\app\arcmap_runtime_py2\arcmap_ui_dispatch.py
   Compressing: D:\Development\Python\Arcpy\build\release_staging\ArcMapAIAssistant\app\arcmap_runtime_py2\artifact_observation.py
   Compressing: D:\Development\Python\Arcpy\build\release_staging\ArcMapAIAssistant\app\arcmap_runtime_py2\bridge_process.py
   Compressing: D:\Development\Python\Arcpy\build\release_staging\ArcMapAIAssistant\app\arcmap_runtime_py2\context_reader.py
   Compressing: D:\Development\Python\Arcpy\build\release_staging\ArcMapAIAssistant\app\arcmap_runtime_py2\deployment_identity.json
   Compressing: D:\Development\Python\Arcpy\build\release_staging\ArcMapAIAssistant\app\arcmap_runtime_py2\deployment_identity.py
   Compressing: D:\Development\Python\Arcpy\build\release_staging\ArcMapAIAssistant\app\arcmap_runtime_py2\exception_text.py
   Compressing: D:\Development\Python\Arcpy\build\release_staging\ArcMapAIAssistant\app\arcmap_runtime_py2\execution_outbox.py
   Compressing: D:\Development\Python\Arcpy\build\release_staging\ArcMapAIAssistant\app\arcmap_runtime_py2\execution_session.py
   Compressing: D:\Development\Python\Arcpy\build\release_staging\ArcMapAIAssistant\app\arcmap_runtime_py2\gateway_client.py
   Compressing: D:\Development\Python\Arcpy\build\release_staging\ArcMapAIAssistant\app\arcmap_runtime_py2\map_state_observation.py
   Compressing: D:\Development\Python\Arcpy\build\release_staging\ArcMapAIAssistant\app\arcmap_runtime_py2\path_utils.py
   Compressing: D:\Development\Python\Arcpy\build\release_staging\ArcMapAIAssistant\app\arcmap_runtime_py2\release.py
   Compressing: D:\Development\Python\Arcpy\build\release_staging\ArcMapAIAssistant\app\arcmap_runtime_py2\runtime.py
   Compressing: D:\Development\Python\Arcpy\build\release_staging\ArcMapAIAssistant\app\arcmap_runtime_py2\runtime_gate.py
   Compressing: D:\Development\Python\Arcpy\build\release_staging\ArcMapAIAssistant\app\arcmap_runtime_py2\semantic_acceptance.py
   Compressing: D:\Development\Python\Arcpy\build\release_staging\ArcMapAIAssistant\app\arcmap_runtime_py2\workflow_executor.py
   Compressing: D:\Development\Python\Arcpy\build\release_staging\ArcMapAIAssistant\app\arcmap_runtime_py2\__init__.py
   Compressing: D:\Development\Python\Arcpy\build\release_staging\ArcMapAIAssistant\app\arcmap_runtime_py2\operations\analysis_ops.py
   Compressing: D:\Development\Python\Arcpy\build\release_staging\ArcMapAIAssistant\app\arcmap_runtime_py2\operations\artifact_ops.py
   Compressing: D:\Development\Python\Arcpy\build\release_staging\ArcMapAIAssistant\app\arcmap_runtime_py2\operations\common.py
   Compressing: D:\Development\Python\Arcpy\build\release_staging\ArcMapAIAssistant\app\arcmap_runtime_py2\operations\condition_utils.py
   Compressing: D:\Development\Python\Arcpy\build\release_staging\ArcMapAIAssistant\app\arcmap_runtime_py2\operations\data_management_ops.py
   Compressing: D:\Development\Python\Arcpy\build\release_staging\ArcMapAIAssistant\app\arcmap_runtime_py2\operations\edit_geometry_ops.py
   Compressing: D:\Development\Python\Arcpy\build\release_staging\ArcMapAIAssistant\app\arcmap_runtime_py2\operations\layer_ops.py
   Compressing: D:\Development\Python\Arcpy\build\release_staging\ArcMapAIAssistant\app\arcmap_runtime_py2\operations\layout_ops.py
   Compressing: D:\Development\Python\Arcpy\build\release_staging\ArcMapAIAssistant\app\arcmap_runtime_py2\operations\map_ops.py
   Compressing: D:\Development\Python\Arcpy\build\release_staging\ArcMapAIAssistant\app\arcmap_runtime_py2\operations\selection_ops.py
   Compressing: D:\Development\Python\Arcpy\build\release_staging\ArcMapAIAssistant\app\arcmap_runtime_py2\operations\table_ops.py
   Compressing: D:\Development\Python\Arcpy\build\release_staging\ArcMapAIAssistant\app\arcmap_runtime_py2\operations\__init__.py
   Compressing: D:\Development\Python\Arcpy\build\release_staging\ArcMapAIAssistant\app\bridge\ArcMapBridge.build
   Compressing: D:\Development\Python\Arcpy\build\release_staging\ArcMapAIAssistant\app\bridge\ArcMapBridge.exe   (2.0.0.0)
   Compressing: D:\Development\Python\Arcpy\build\release_staging\ArcMapAIAssistant\app\bridge\deployment_identity.json
   Compressing: D:\Development\Python\Arcpy\build\release_staging\ArcMapAIAssistant\app\bridge\Newtonsoft.Json.dll   (13.0.3.27908)
   Compressing: D:\Development\Python\Arcpy\build\release_staging\ArcMapAIAssistant\app\bridge\runtime_gate.schema.json
   Compressing: D:\Development\Python\Arcpy\build\release_staging\ArcMapAIAssistant\app\gateway\ArcMapAIAssistantGateway.exe
   Compressing: D:\Development\Python\Arcpy\build\release_staging\ArcMapAIAssistant\app\gateway\deployment_identity.json
   Compressing: D:\Development\Python\Arcpy\build\release_staging\ArcMapAIAssistant\app\gateway\_internal\api-ms-win-core-console-l1-1-0.dll   (10.0.26100.1742)
   Compressing: D:\Development\Python\Arcpy\build\release_staging\ArcMapAIAssistant\app\gateway\_internal\api-ms-win-core-datetime-l1-1-0.dll   (10.0.26100.1742)
   Compressing: D:\Development\Python\Arcpy\build\release_staging\ArcMapAIAssistant\app\gateway\_internal\api-ms-win-core-debug-l1-1-0.dll   (10.0.26100.1742)
   Compressing: D:\Development\Python\Arcpy\build\release_staging\ArcMapAIAssistant\app\gateway\_internal\api-ms-win-core-errorhandling-l1-1-0.dll   (10.0.26100.1742)
   Compressing: D:\Development\Python\Arcpy\build\release_staging\ArcMapAIAssistant\app\gateway\_internal\api-ms-win-core-fibers-l1-1-0.dll   (10.0.26100.1742)
   Compressing: D:\Development\Python\Arcpy\build\release_staging\ArcMapAIAssistant\app\gateway\_internal\api-ms-win-core-fibers-l1-1-1.dll   (10.0.26100.1742)
   Compressing: D:\Development\Python\Arcpy\build\release_staging\ArcMapAIAssistant\app\gateway\_internal\api-ms-win-core-file-l1-1-0.dll   (10.0.26100.1742)
   Compressing: D:\Development\Python\Arcpy\build\release_staging\ArcMapAIAssistant\app\gateway\_internal\api-ms-win-core-file-l1-2-0.dll   (10.0.26100.1742)
   Compressing: D:\Development\Python\Arcpy\build\release_staging\ArcMapAIAssistant\app\gateway\_internal\api-ms-win-core-file-l2-1-0.dll   (10.0.26100.1742)
   Compressing: D:\Development\Python\Arcpy\build\release_staging\ArcMapAIAssistant\app\gateway\_internal\api-ms-win-core-handle-l1-1-0.dll   (10.0.26100.1742)
   Compressing: D:\Development\Python\Arcpy\build\release_staging\ArcMapAIAssistant\app\gateway\_internal\api-ms-win-core-heap-l1-1-0.dll   (10.0.26100.1742)
   Compressing: D:\Development\Python\Arcpy\build\release_staging\ArcMapAIAssistant\app\gateway\_internal\api-ms-win-core-interlocked-l1-1-0.dll   (10.0.26100.1742)
   Compressing: D:\Development\Python\Arcpy\build\release_staging\ArcMapAIAssistant\app\gateway\_internal\api-ms-win-core-kernel32-legacy-l1-1-1.dll   (10.0.26100.1742)
   Compressing: D:\Development\Python\Arcpy\build\release_staging\ArcMapAIAssistant\app\gateway\_internal\api-ms-win-core-libraryloader-l1-1-0.dll   (10.0.26100.1742)
   Compressing: D:\Development\Python\Arcpy\build\release_staging\ArcMapAIAssistant\app\gateway\_internal\api-ms-win-core-localization-l1-2-0.dll   (10.0.26100.1742)
   Compressing: D:\Development\Python\Arcpy\build\release_staging\ArcMapAIAssistant\app\gateway\_internal\api-ms-win-core-memory-l1-1-0.dll   (10.0.26100.1742)
   Compressing: D:\Development\Python\Arcpy\build\release_staging\ArcMapAIAssistant\app\gateway\_internal\api-ms-win-core-namedpipe-l1-1-0.dll   (10.0.26100.1742)
   Compressing: D:\Development\Python\Arcpy\build\release_staging\ArcMapAIAssistant\app\gateway\_internal\api-ms-win-core-processenvironment-l1-1-0.dll   (10.0.26100.1742)
   Compressing: D:\Development\Python\Arcpy\build\release_staging\ArcMapAIAssistant\app\gateway\_internal\api-ms-win-core-processthreads-l1-1-0.dll   (10.0.26100.1742)
   Compressing: D:\Development\Python\Arcpy\build\release_staging\ArcMapAIAssistant\app\gateway\_internal\api-ms-win-core-processthreads-l1-1-1.dll   (10.0.26100.1742)
   Compressing: D:\Development\Python\Arcpy\build\release_staging\ArcMapAIAssistant\app\gateway\_internal\api-ms-win-core-profile-l1-1-0.dll   (10.0.26100.1742)
   Compressing: D:\Development\Python\Arcpy\build\release_staging\ArcMapAIAssistant\app\gateway\_internal\api-ms-win-core-rtlsupport-l1-1-0.dll   (10.0.26100.1742)
   Compressing: D:\Development\Python\Arcpy\build\release_staging\ArcMapAIAssistant\app\gateway\_internal\api-ms-win-core-string-l1-1-0.dll   (10.0.26100.1742)
   Compressing: D:\Development\Python\Arcpy\build\release_staging\ArcMapAIAssistant\app\gateway\_internal\api-ms-win-core-synch-l1-1-0.dll   (10.0.26100.1742)
   Compressing: D:\Development\Python\Arcpy\build\release_staging\ArcMapAIAssistant\app\gateway\_internal\api-ms-win-core-synch-l1-2-0.dll   (10.0.26100.1742)
   Compressing: D:\Development\Python\Arcpy\build\release_staging\ArcMapAIAssistant\app\gateway\_internal\api-ms-win-core-sysinfo-l1-1-0.dll   (10.0.26100.1742)
   Compressing: D:\Development\Python\Arcpy\build\release_staging\ArcMapAIAssistant\app\gateway\_internal\api-ms-win-core-sysinfo-l1-2-0.dll   (10.0.26100.1742)
   Compressing: D:\Development\Python\Arcpy\build\release_staging\ArcMapAIAssistant\app\gateway\_internal\api-ms-win-core-timezone-l1-1-0.dll   (10.0.26100.1742)
   Compressing: D:\Development\Python\Arcpy\build\release_staging\ArcMapAIAssistant\app\gateway\_internal\api-ms-win-core-util-l1-1-0.dll   (10.0.26100.1742)
   Compressing: D:\Development\Python\Arcpy\build\release_staging\ArcMapAIAssistant\app\gateway\_internal\api-ms-win-crt-conio-l1-1-0.dll   (10.0.26100.1742)
   Compressing: D:\Development\Python\Arcpy\build\release_staging\ArcMapAIAssistant\app\gateway\_internal\api-ms-win-crt-convert-l1-1-0.dll   (10.0.26100.1742)
   Compressing: D:\Development\Python\Arcpy\build\release_staging\ArcMapAIAssistant\app\gateway\_internal\api-ms-win-crt-environment-l1-1-0.dll   (10.0.26100.1742)
   Compressing: D:\Development\Python\Arcpy\build\release_staging\ArcMapAIAssistant\app\gateway\_internal\api-ms-win-crt-filesystem-l1-1-0.dll   (10.0.26100.1742)
   Compressing: D:\Development\Python\Arcpy\build\release_staging\ArcMapAIAssistant\app\gateway\_internal\api-ms-win-crt-heap-l1-1-0.dll   (10.0.26100.1742)
   Compressing: D:\Development\Python\Arcpy\build\release_staging\ArcMapAIAssistant\app\gateway\_internal\api-ms-win-crt-locale-l1-1-0.dll   (10.0.26100.1742)
   Compressing: D:\Development\Python\Arcpy\build\release_staging\ArcMapAIAssistant\app\gateway\_internal\api-ms-win-crt-math-l1-1-0.dll   (10.0.26100.1742)
   Compressing: D:\Development\Python\Arcpy\build\release_staging\ArcMapAIAssistant\app\gateway\_internal\api-ms-win-crt-process-l1-1-0.dll   (10.0.26100.1742)
   Compressing: D:\Development\Python\Arcpy\build\release_staging\ArcMapAIAssistant\app\gateway\_internal\api-ms-win-crt-runtime-l1-1-0.dll   (10.0.26100.1742)
   Compressing: D:\Development\Python\Arcpy\build\release_staging\ArcMapAIAssistant\app\gateway\_internal\api-ms-win-crt-stdio-l1-1-0.dll   (10.0.26100.1742)
   Compressing: D:\Development\Python\Arcpy\build\release_staging\ArcMapAIAssistant\app\gateway\_internal\api-ms-win-crt-string-l1-1-0.dll   (10.0.26100.1742)
   Compressing: D:\Development\Python\Arcpy\build\release_staging\ArcMapAIAssistant\app\gateway\_internal\api-ms-win-crt-time-l1-1-0.dll   (10.0.26100.1742)
   Compressing: D:\Development\Python\Arcpy\build\release_staging\ArcMapAIAssistant\app\gateway\_internal\api-ms-win-crt-utility-l1-1-0.dll   (10.0.26100.1742)
   Compressing: D:\Development\Python\Arcpy\build\release_staging\ArcMapAIAssistant\app\gateway\_internal\base_library.zip
   Compressing: D:\Development\Python\Arcpy\build\release_staging\ArcMapAIAssistant\app\gateway\_internal\libcrypto-3.dll   (3.0.13.0)
   Compressing: D:\Development\Python\Arcpy\build\release_staging\ArcMapAIAssistant\app\gateway\_internal\libffi-8.dll
   Compressing: D:\Development\Python\Arcpy\build\release_staging\ArcMapAIAssistant\app\gateway\_internal\libssl-3.dll   (3.0.13.0)
   Compressing: D:\Development\Python\Arcpy\build\release_staging\ArcMapAIAssistant\app\gateway\_internal\pyexpat.pyd   (3.11.9150.1013)
   Compressing: D:\Development\Python\Arcpy\build\release_staging\ArcMapAIAssistant\app\gateway\_internal\python3.dll   (3.11.9150.1013)
   Compressing: D:\Development\Python\Arcpy\build\release_staging\ArcMapAIAssistant\app\gateway\_internal\python311.dll   (3.11.9150.1013)
   Compressing: D:\Development\Python\Arcpy\build\release_staging\ArcMapAIAssistant\app\gateway\_internal\select.pyd   (3.11.9150.1013)
   Compressing: D:\Development\Python\Arcpy\build\release_staging\ArcMapAIAssistant\app\gateway\_internal\sqlite3.dll   (3.45.1.0)
   Compressing: D:\Development\Python\Arcpy\build\release_staging\ArcMapAIAssistant\app\gateway\_internal\ucrtbase.dll   (10.0.26100.1742)
   Compressing: D:\Development\Python\Arcpy\build\release_staging\ArcMapAIAssistant\app\gateway\_internal\unicodedata.pyd   (3.11.9150.1013)
   Compressing: D:\Development\Python\Arcpy\build\release_staging\ArcMapAIAssistant\app\gateway\_internal\VCRUNTIME140.dll   (14.38.33126.1)
   Compressing: D:\Development\Python\Arcpy\build\release_staging\ArcMapAIAssistant\app\gateway\_internal\VCRUNTIME140_1.dll   (14.38.33126.1)
   Compressing: D:\Development\Python\Arcpy\build\release_staging\ArcMapAIAssistant\app\gateway\_internal\VERSION
   Compressing: D:\Development\Python\Arcpy\build\release_staging\ArcMapAIAssistant\app\gateway\_internal\_asyncio.pyd   (3.11.9150.1013)
   Compressing: D:\Development\Python\Arcpy\build\release_staging\ArcMapAIAssistant\app\gateway\_internal\_bz2.pyd   (3.11.9150.1013)
   Compressing: D:\Development\Python\Arcpy\build\release_staging\ArcMapAIAssistant\app\gateway\_internal\_ctypes.pyd   (3.11.9150.1013)
   Compressing: D:\Development\Python\Arcpy\build\release_staging\ArcMapAIAssistant\app\gateway\_internal\_decimal.pyd   (3.11.9150.1013)
   Compressing: D:\Development\Python\Arcpy\build\release_staging\ArcMapAIAssistant\app\gateway\_internal\_elementtree.pyd   (3.11.9150.1013)
   Compressing: D:\Development\Python\Arcpy\build\release_staging\ArcMapAIAssistant\app\gateway\_internal\_hashlib.pyd   (3.11.9150.1013)
   Compressing: D:\Development\Python\Arcpy\build\release_staging\ArcMapAIAssistant\app\gateway\_internal\_lzma.pyd   (3.11.9150.1013)
   Compressing: D:\Development\Python\Arcpy\build\release_staging\ArcMapAIAssistant\app\gateway\_internal\_multiprocessing.pyd   (3.11.9150.1013)
   Compressing: D:\Development\Python\Arcpy\build\release_staging\ArcMapAIAssistant\app\gateway\_internal\_overlapped.pyd   (3.11.9150.1013)
   Compressing: D:\Development\Python\Arcpy\build\release_staging\ArcMapAIAssistant\app\gateway\_internal\_queue.pyd   (3.11.9150.1013)
   Compressing: D:\Development\Python\Arcpy\build\release_staging\ArcMapAIAssistant\app\gateway\_internal\_socket.pyd   (3.11.9150.1013)
   Compressing: D:\Development\Python\Arcpy\build\release_staging\ArcMapAIAssistant\app\gateway\_internal\_sqlite3.pyd   (3.11.9150.1013)
   Compressing: D:\Development\Python\Arcpy\build\release_staging\ArcMapAIAssistant\app\gateway\_internal\_ssl.pyd   (3.11.9150.1013)
   Compressing: D:\Development\Python\Arcpy\build\release_staging\ArcMapAIAssistant\app\gateway\_internal\_uuid.pyd   (3.11.9150.1013)
   Compressing: D:\Development\Python\Arcpy\build\release_staging\ArcMapAIAssistant\app\gateway\_internal\_zoneinfo.pyd   (3.11.9150.1013)
   Compressing: D:\Development\Python\Arcpy\build\release_staging\ArcMapAIAssistant\app\gateway\_internal\certifi\cacert.pem
   Compressing: D:\Development\Python\Arcpy\build\release_staging\ArcMapAIAssistant\app\gateway\_internal\certifi\py.typed
   Compressing: D:\Development\Python\Arcpy\build\release_staging\ArcMapAIAssistant\app\gateway\_internal\charset_normalizer\cd.cp311-win_amd64.pyd
   Compressing: D:\Development\Python\Arcpy\build\release_staging\ArcMapAIAssistant\app\gateway\_internal\charset_normalizer\md.cp311-win_amd64.pyd
   Compressing: D:\Development\Python\Arcpy\build\release_staging\ArcMapAIAssistant\app\gateway\_internal\gateway_py3\web\app.js
   Compressing: D:\Development\Python\Arcpy\build\release_staging\ArcMapAIAssistant\app\gateway\_internal\gateway_py3\web\app_events.js
   Compressing: D:\Development\Python\Arcpy\build\release_staging\ArcMapAIAssistant\app\gateway\_internal\gateway_py3\web\app_render.js
   Compressing: D:\Development\Python\Arcpy\build\release_staging\ArcMapAIAssistant\app\gateway\_internal\gateway_py3\web\app_voice.js
   Compressing: D:\Development\Python\Arcpy\build\release_staging\ArcMapAIAssistant\app\gateway\_internal\gateway_py3\web\components.css
   Compressing: D:\Development\Python\Arcpy\build\release_staging\ArcMapAIAssistant\app\gateway\_internal\gateway_py3\web\favicon.svg
   Compressing: D:\Development\Python\Arcpy\build\release_staging\ArcMapAIAssistant\app\gateway\_internal\gateway_py3\web\index.html
   Compressing: D:\Development\Python\Arcpy\build\release_staging\ArcMapAIAssistant\app\gateway\_internal\gateway_py3\web\styles.css
   Compressing: D:\Development\Python\Arcpy\build\release_staging\ArcMapAIAssistant\app\gateway\_internal\gateway_py3\web\tokens.css
   Compressing: D:\Development\Python\Arcpy\build\release_staging\ArcMapAIAssistant\app\gateway\_internal\operation_catalog\catalog.json
   Compressing: D:\Development\Python\Arcpy\build\release_staging\ArcMapAIAssistant\app\gateway\_internal\operation_catalog\packs\analysis.json
   Compressing: D:\Development\Python\Arcpy\build\release_staging\ArcMapAIAssistant\app\gateway\_internal\operation_catalog\packs\artifact.json
   Compressing: D:\Development\Python\Arcpy\build\release_staging\ArcMapAIAssistant\app\gateway\_internal\operation_catalog\packs\data_management.json
   Compressing: D:\Development\Python\Arcpy\build\release_staging\ArcMapAIAssistant\app\gateway\_internal\operation_catalog\packs\edit_geometry.json
   Compressing: D:\Development\Python\Arcpy\build\release_staging\ArcMapAIAssistant\app\gateway\_internal\operation_catalog\packs\layout.json
   Compressing: D:\Development\Python\Arcpy\build\release_staging\ArcMapAIAssistant\app\gateway\_internal\operation_catalog\packs\map_context.json
   Compressing: D:\Development\Python\Arcpy\build\release_staging\ArcMapAIAssistant\app\gateway\_internal\operation_catalog\packs\selection.json
   Compressing: D:\Development\Python\Arcpy\build\release_staging\ArcMapAIAssistant\app\gateway\_internal\operation_catalog\packs\table.json
   Compressing: D:\Development\Python\Arcpy\build\release_staging\ArcMapAIAssistant\app\gateway\_internal\operation_catalog\packs\view_layer.json
   Compressing: D:\Development\Python\Arcpy\build\release_staging\ArcMapAIAssistant\app\gateway\_internal\operation_catalog\schemas\operation_spec.schema.json
   Compressing: D:\Development\Python\Arcpy\build\release_staging\ArcMapAIAssistant\app\gateway\_internal\operation_catalog\schemas\workflow.schema.json
   Compressing: D:\Development\Python\Arcpy\build\release_staging\ArcMapAIAssistant\app\gateway\_internal\orjson\orjson.cp311-win_amd64.pyd
   Compressing: D:\Development\Python\Arcpy\build\release_staging\ArcMapAIAssistant\app\gateway\_internal\ormsgpack\ormsgpack.cp311-win_amd64.pyd
   Compressing: D:\Development\Python\Arcpy\build\release_staging\ArcMapAIAssistant\app\gateway\_internal\pydantic-2.12.5.dist-info\INSTALLER
   Compressing: D:\Development\Python\Arcpy\build\release_staging\ArcMapAIAssistant\app\gateway\_internal\pydantic-2.12.5.dist-info\METADATA
   Compressing: D:\Development\Python\Arcpy\build\release_staging\ArcMapAIAssistant\app\gateway\_internal\pydantic-2.12.5.dist-info\RECORD
   Compressing: D:\Development\Python\Arcpy\build\release_staging\ArcMapAIAssistant\app\gateway\_internal\pydantic-2.12.5.dist-info\REQUESTED
   Compressing: D:\Development\Python\Arcpy\build\release_staging\ArcMapAIAssistant\app\gateway\_internal\pydantic-2.12.5.dist-info\WHEEL
   Compressing: D:\Development\Python\Arcpy\build\release_staging\ArcMapAIAssistant\app\gateway\_internal\pydantic-2.12.5.dist-info\licenses\LICENSE
   Compressing: D:\Development\Python\Arcpy\build\release_staging\ArcMapAIAssistant\app\gateway\_internal\pydantic_core\_pydantic_core.cp311-win_amd64.pyd
   Compressing: D:\Development\Python\Arcpy\build\release_staging\ArcMapAIAssistant\app\gateway\_internal\pywin32_system32\pywintypes311.dll
   Compressing: D:\Development\Python\Arcpy\build\release_staging\ArcMapAIAssistant\app\gateway\_internal\shared_runtime\runtime_gate.schema.json
   Compressing: D:\Development\Python\Arcpy\build\release_staging\ArcMapAIAssistant\app\gateway\_internal\urllib3-2.7.0.dist-info\INSTALLER
   Compressing: D:\Development\Python\Arcpy\build\release_staging\ArcMapAIAssistant\app\gateway\_internal\urllib3-2.7.0.dist-info\METADATA
   Compressing: D:\Development\Python\Arcpy\build\release_staging\ArcMapAIAssistant\app\gateway\_internal\urllib3-2.7.0.dist-info\RECORD
   Compressing: D:\Development\Python\Arcpy\build\release_staging\ArcMapAIAssistant\app\gateway\_internal\urllib3-2.7.0.dist-info\WHEEL
   Compressing: D:\Development\Python\Arcpy\build\release_staging\ArcMapAIAssistant\app\gateway\_internal\urllib3-2.7.0.dist-info\licenses\LICENSE.txt
   Compressing: D:\Development\Python\Arcpy\build\release_staging\ArcMapAIAssistant\app\gateway\_internal\uuid_utils\_uuid_utils.cp311-win_amd64.pyd
   Compressing: D:\Development\Python\Arcpy\build\release_staging\ArcMapAIAssistant\app\gateway\_internal\win32\win32crypt.pyd
   Compressing: D:\Development\Python\Arcpy\build\release_staging\ArcMapAIAssistant\app\gateway\_internal\xxhash\_xxhash.cp311-win_amd64.pyd
   Compressing: D:\Development\Python\Arcpy\build\release_staging\ArcMapAIAssistant\app\gateway\_internal\yaml\_yaml.cp311-win_amd64.pyd
   Compressing: D:\Development\Python\Arcpy\build\release_staging\ArcMapAIAssistant\app\gateway\_internal\zstandard\backend_c.cp311-win_amd64.pyd
   Compressing: D:\Development\Python\Arcpy\build\release_staging\ArcMapAIAssistant\app\gateway\_internal\zstandard\_cffi.cp311-win_amd64.pyd
   Compressing: D:\Development\Python\Arcpy\build\release_staging\ArcMapAIAssistant\app\operation_catalog\catalog.json
   Compressing: D:\Development\Python\Arcpy\build\release_staging\ArcMapAIAssistant\app\operation_catalog\packs\analysis.json
   Compressing: D:\Development\Python\Arcpy\build\release_staging\ArcMapAIAssistant\app\operation_catalog\packs\artifact.json
   Compressing: D:\Development\Python\Arcpy\build\release_staging\ArcMapAIAssistant\app\operation_catalog\packs\data_management.json
   Compressing: D:\Development\Python\Arcpy\build\release_staging\ArcMapAIAssistant\app\operation_catalog\packs\edit_geometry.json
   Compressing: D:\Development\Python\Arcpy\build\release_staging\ArcMapAIAssistant\app\operation_catalog\packs\layout.json
   Compressing: D:\Development\Python\Arcpy\build\release_staging\ArcMapAIAssistant\app\operation_catalog\packs\map_context.json
   Compressing: D:\Development\Python\Arcpy\build\release_staging\ArcMapAIAssistant\app\operation_catalog\packs\selection.json
   Compressing: D:\Development\Python\Arcpy\build\release_staging\ArcMapAIAssistant\app\operation_catalog\packs\table.json
   Compressing: D:\Development\Python\Arcpy\build\release_staging\ArcMapAIAssistant\app\operation_catalog\packs\view_layer.json
   Compressing: D:\Development\Python\Arcpy\build\release_staging\ArcMapAIAssistant\app\operation_catalog\schemas\operation_spec.schema.json
   Compressing: D:\Development\Python\Arcpy\build\release_staging\ArcMapAIAssistant\app\operation_catalog\schemas\workflow.schema.json
   Compressing: D:\Development\Python\Arcpy\build\release_staging\ArcMapAIAssistant\app\shared_runtime\acceptance_profile.py
   Compressing: D:\Development\Python\Arcpy\build\release_staging\ArcMapAIAssistant\app\shared_runtime\capability_contract.py
   Compressing: D:\Development\Python\Arcpy\build\release_staging\ArcMapAIAssistant\app\shared_runtime\condition_contract.py
   Compressing: D:\Development\Python\Arcpy\build\release_staging\ArcMapAIAssistant\app\shared_runtime\context_fingerprint.py
   Compressing: D:\Development\Python\Arcpy\build\release_staging\ArcMapAIAssistant\app\shared_runtime\file_semantics.py
   Compressing: D:\Development\Python\Arcpy\build\release_staging\ArcMapAIAssistant\app\shared_runtime\operation_schema.py
   Compressing: D:\Development\Python\Arcpy\build\release_staging\ArcMapAIAssistant\app\shared_runtime\output_contract.py
   Compressing: D:\Development\Python\Arcpy\build\release_staging\ArcMapAIAssistant\app\shared_runtime\platform_paths.py
   Compressing: D:\Development\Python\Arcpy\build\release_staging\ArcMapAIAssistant\app\shared_runtime\runtime_gate.schema.json
   Compressing: D:\Development\Python\Arcpy\build\release_staging\ArcMapAIAssistant\app\shared_runtime\runtime_gate_protocol.py
   Compressing: D:\Development\Python\Arcpy\build\release_staging\ArcMapAIAssistant\app\shared_runtime\semantic_abi.py
   Compressing: D:\Development\Python\Arcpy\build\release_staging\ArcMapAIAssistant\app\shared_runtime\__init__.py
   Compressing: D:\Development\Python\Arcpy\build\release_staging\ArcMapAIAssistant\ArcMapAIAssistantAddIn\ArcMapAIAssistantAddIn.esriaddin
   Compressing: D:\Development\Python\Arcpy\build\release_staging\ArcMapAIAssistant\packaging\install.ps1
   Compressing: D:\Development\Python\Arcpy\build\release_staging\ArcMapAIAssistant\packaging\uninstall.ps1
   Compressing Setup program executable
   Updating version info (Setup.exe)
   Updating manifest (Setup.exe)


Successful compile (4.438 sec). Resulting Setup program filename is:
D:\Development\Python\Arcpy\release\GeoPilotSetup-2.0.0.exe
安装器已生成：D:\Development\Python\Arcpy\release\GeoPilotSetup-2.0.0.exe
release 已生成：D:\Development\Python\Arcpy\release
交付内容：GeoPilotSetup-2.0.0.exe 和 geopilot-arcmap skill。
